// Jest Snapshot v1, https://goo.gl/fbAQLP

exports[`RegistrationFormComponent Snapshot check snapshot 1`] = `
<registration-form
  email={[Function FormControl]}
  firstName={[Function FormControl]}
  hide={[Function Boolean]}
  hideConfirm={[Function Boolean]}
  lastName={[Function FormControl]}
>
  <p>
    <mat-form-field
      class="form-field"
    >
      <mat-label>
        First Name
      </mat-label>
      <input
        matinput=""
        placeholder="Joe"
        required=""
      />
    </mat-form-field>
  </p><p>
    <mat-form-field
      class="form-field"
    >
      <mat-label>
        Last Name
      </mat-label>
      <input
        matinput=""
        placeholder="Speen"
        required=""
      />
    </mat-form-field>
  </p><p>
    <mat-form-field
      class="form-field"
    >
      <mat-label>
        Enter your email
      </mat-label>
      <input
        matinput=""
        placeholder="pat@example.com"
        required=""
      />
      
      
    </mat-form-field>
  </p><p>
    <mat-form-field
      class="form-field"
    >
      <mat-label>
        Enter your password
      </mat-label>
      <input
        matinput=""
        required=""
      />
      <button
        mat-icon-button=""
        matsuffix=""
      >
        <mat-icon>
          
        </mat-icon>
      </button>
    </mat-form-field>
  </p><p>
    <mat-form-field
      class="form-field"
    >
      <mat-label>
        Confirm password
      </mat-label>
      <input
        matinput=""
        required=""
      />
      <button
        mat-icon-button=""
        matsuffix=""
      >
        <mat-icon>
          
        </mat-icon>
      </button>
    </mat-form-field>
  </p><p>
    <button
      class="form-field"
      color="primary"
      mat-flat-button=""
    >
       Create Account 
    </button>
  </p>
</registration-form>
`;
