// Jest Snapshot v1, https://goo.gl/fbAQLP

exports[`RegistrationFormComponent Snapshot check snapshot 1`] = `
<registration-form
  errors="null"
  form={[Function FormGroup]}
  gigyaService={[Function Object]}
  hide={[Function Boolean]}
  hideConfirm={[Function Boolean]}
  router={[Function Router]}
>
  <form>
    <p>
      
    </p>
    <p>
      <mat-form-field
        class="form-field"
      >
        <mat-label>
          First Name
        </mat-label>
        <input
          formcontrolname="firstName"
          matinput=""
          placeholder="Joe"
        />
      </mat-form-field>
    </p>
    <p>
      <mat-form-field
        class="form-field"
      >
        <mat-label>
          Last Name
        </mat-label>
        <input
          formcontrolname="lastName"
          matinput=""
          placeholder="Speen"
        />
      </mat-form-field>
    </p>
    <p>
      <mat-form-field
        class="form-field"
      >
        <mat-label>
          Enter your email
        </mat-label>
        <input
          formcontrolname="email"
          matinput=""
          placeholder="pat@example.com"
          required=""
        />
        
        
      </mat-form-field>
    </p>
    <p>
      <mat-form-field
        class="form-field"
      >
        <mat-label>
          Enter your password
        </mat-label>
        <input
          formcontrolname="password"
          matinput=""
          required=""
        />
        <button
          mat-icon-button=""
          matsuffix=""
        >
          <mat-icon>
            
          </mat-icon>
        </button>
      </mat-form-field>
    </p>
    <p>
      <mat-form-field
        class="form-field"
      >
        <mat-label>
          Confirm password
        </mat-label>
        <input
          matinput=""
          required=""
        />
        <button
          mat-icon-button=""
          matsuffix=""
        >
          <mat-icon>
            
          </mat-icon>
        </button>
      </mat-form-field>
    </p>
    <p>
      <button
        class="form-field"
        color="primary"
        mat-flat-button=""
        type="submit"
      >
         Create Account 
      </button>
    </p>
  </form>
</registration-form>
`;
