// Jest Snapshot v1, https://goo.gl/fbAQLP

exports[`OwnidComponent Snapshot check snapshot 1`] = `
<ownid
  data="null"
  elRef={[Function ElementRef]}
  onLink={[Function EventEmitter_]}
  onLogin={[Function EventEmitter_]}
  onRecover={[Function EventEmitter_]}
  onRegister={[Function EventEmitter_]}
  partial="false"
  type="null"
>
  
</ownid>
`;
