// Jest Snapshot v1, https://goo.gl/fbAQLP

exports[`LoginFormComponent Snapshot check snapshot 1`] = `
<login-form
  errors="null"
  form={[Function FormGroup]}
  gigyaService={[Function Object]}
  hide={[Function Boolean]}
  router={[Function Router]}
>
  <form>
    <p>
      
    </p>
    <p>
      <mat-form-field
        class="form-field"
      >
        <mat-label>
          Enter your email
        </mat-label>
        <input
          formcontrolname="email"
          matinput=""
          placeholder="pat@example.com"
          required=""
        />
        
        
      </mat-form-field>
    </p>
    <p>
      <mat-form-field
        class="form-field"
      >
        <mat-label>
          Enter your password
        </mat-label>
        <input
          formcontrolname="password"
          matinput=""
          required=""
        />
        <button
          mat-icon-button=""
          matsuffix=""
        >
          <mat-icon>
            
          </mat-icon>
        </button>
      </mat-form-field>
    </p>
    <p>
      <button
        class="form-field"
        color="primary"
        mat-flat-button=""
        type="submit"
      >
        Login
      </button>
    </p>
    <p>
      <a
        class="forgot-link"
        href="#"
      >
        Forgot Password?
      </a>
    </p>
  </form>
</login-form>
`;
