// Jest Snapshot v1, https://goo.gl/fbAQLP

exports[`UserPageComponent Snapshot check snapshot 1`] = `
<app-user-page
  gigyaService={[Function Object]}
  linked$={[Function BehaviorSubject]}
  ngZone={[Function NgZone]}
  profile$={[Function BehaviorSubject]}
  setProfileCommand={[Function Object]}
  store={[Function AppStore]}
>
  <section
    class="sign-body"
  >
    <div
      class="container"
    >
      
      <div />
    </div>
  </section>
</app-user-page>
`;
